0 [main] DEBUG TestNgTest  - Hello this is debug message
1 [main] INFO TestNgTest  - Hello this is info message
